Archive member included to satisfy reference by file (symbol)

C:/ST/STM32CubeIDE_1.16.0/STM32CubeIDE/plugins/com.st.stm32cube.ide.mcu.externaltools.gnu-tools-for-stm32.12.3.rel1.win32_1.0.200.202406191623/tools/bin/../lib/gcc/arm-none-eabi/12.3.1/../../../../arm-none-eabi/lib/thumb/v7e-m+fp/hard\libc_nano.a(libc_a-exit.o)
                              C:/ST/STM32CubeIDE_1.16.0/STM32CubeIDE/plugins/com.st.stm32cube.ide.mcu.externaltools.gnu-tools-for-stm32.12.3.rel1.win32_1.0.200.202406191623/tools/bin/../lib/gcc/arm-none-eabi/12.3.1/../../../../arm-none-eabi/lib/thumb/v7e-m+fp/hard/crt0.o (exit)
C:/ST/STM32CubeIDE_1.16.0/STM32CubeIDE/plugins/com.st.stm32cube.ide.mcu.externaltools.gnu-tools-for-stm32.12.3.rel1.win32_1.0.200.202406191623/tools/bin/../lib/gcc/arm-none-eabi/12.3.1/../../../../arm-none-eabi/lib/thumb/v7e-m+fp/hard\libc_nano.a(libc_a-findfp.o)
                              C:/ST/STM32CubeIDE_1.16.0/STM32CubeIDE/plugins/com.st.stm32cube.ide.mcu.externaltools.gnu-tools-for-stm32.12.3.rel1.win32_1.0.200.202406191623/tools/bin/../lib/gcc/arm-none-eabi/12.3.1/../../../../arm-none-eabi/lib/thumb/v7e-m+fp/hard\libc_nano.a(libc_a-exit.o) (__stdio_exit_handler)
C:/ST/STM32CubeIDE_1.16.0/STM32CubeIDE/plugins/com.st.stm32cube.ide.mcu.externaltools.gnu-tools-for-stm32.12.3.rel1.win32_1.0.200.202406191623/tools/bin/../lib/gcc/arm-none-eabi/12.3.1/../../../../arm-none-eabi/lib/thumb/v7e-m+fp/hard\libc_nano.a(libc_a-fwalk.o)
                              C:/ST/STM32CubeIDE_1.16.0/STM32CubeIDE/plugins/com.st.stm32cube.ide.mcu.externaltools.gnu-tools-for-stm32.12.3.rel1.win32_1.0.200.202406191623/tools/bin/../lib/gcc/arm-none-eabi/12.3.1/../../../../arm-none-eabi/lib/thumb/v7e-m+fp/hard\libc_nano.a(libc_a-findfp.o) (_fwalk_sglue)
C:/ST/STM32CubeIDE_1.16.0/STM32CubeIDE/plugins/com.st.stm32cube.ide.mcu.externaltools.gnu-tools-for-stm32.12.3.rel1.win32_1.0.200.202406191623/tools/bin/../lib/gcc/arm-none-eabi/12.3.1/../../../../arm-none-eabi/lib/thumb/v7e-m+fp/hard\libc_nano.a(libc_a-stdio.o)
                              C:/ST/STM32CubeIDE_1.16.0/STM32CubeIDE/plugins/com.st.stm32cube.ide.mcu.externaltools.gnu-tools-for-stm32.12.3.rel1.win32_1.0.200.202406191623/tools/bin/../lib/gcc/arm-none-eabi/12.3.1/../../../../arm-none-eabi/lib/thumb/v7e-m+fp/hard\libc_nano.a(libc_a-findfp.o) (__sread)
C:/ST/STM32CubeIDE_1.16.0/STM32CubeIDE/plugins/com.st.stm32cube.ide.mcu.externaltools.gnu-tools-for-stm32.12.3.rel1.win32_1.0.200.202406191623/tools/bin/../lib/gcc/arm-none-eabi/12.3.1/../../../../arm-none-eabi/lib/thumb/v7e-m+fp/hard\libc_nano.a(libc_a-memset.o)
                              C:/ST/STM32CubeIDE_1.16.0/STM32CubeIDE/plugins/com.st.stm32cube.ide.mcu.externaltools.gnu-tools-for-stm32.12.3.rel1.win32_1.0.200.202406191623/tools/bin/../lib/gcc/arm-none-eabi/12.3.1/../../../../arm-none-eabi/lib/thumb/v7e-m+fp/hard/crt0.o (memset)
C:/ST/STM32CubeIDE_1.16.0/STM32CubeIDE/plugins/com.st.stm32cube.ide.mcu.externaltools.gnu-tools-for-stm32.12.3.rel1.win32_1.0.200.202406191623/tools/bin/../lib/gcc/arm-none-eabi/12.3.1/../../../../arm-none-eabi/lib/thumb/v7e-m+fp/hard\libc_nano.a(libc_a-closer.o)
                              C:/ST/STM32CubeIDE_1.16.0/STM32CubeIDE/plugins/com.st.stm32cube.ide.mcu.externaltools.gnu-tools-for-stm32.12.3.rel1.win32_1.0.200.202406191623/tools/bin/../lib/gcc/arm-none-eabi/12.3.1/../../../../arm-none-eabi/lib/thumb/v7e-m+fp/hard\libc_nano.a(libc_a-stdio.o) (_close_r)
C:/ST/STM32CubeIDE_1.16.0/STM32CubeIDE/plugins/com.st.stm32cube.ide.mcu.externaltools.gnu-tools-for-stm32.12.3.rel1.win32_1.0.200.202406191623/tools/bin/../lib/gcc/arm-none-eabi/12.3.1/../../../../arm-none-eabi/lib/thumb/v7e-m+fp/hard\libc_nano.a(libc_a-reent.o)
                              C:/ST/STM32CubeIDE_1.16.0/STM32CubeIDE/plugins/com.st.stm32cube.ide.mcu.externaltools.gnu-tools-for-stm32.12.3.rel1.win32_1.0.200.202406191623/tools/bin/../lib/gcc/arm-none-eabi/12.3.1/../../../../arm-none-eabi/lib/thumb/v7e-m+fp/hard\libc_nano.a(libc_a-closer.o) (errno)
C:/ST/STM32CubeIDE_1.16.0/STM32CubeIDE/plugins/com.st.stm32cube.ide.mcu.externaltools.gnu-tools-for-stm32.12.3.rel1.win32_1.0.200.202406191623/tools/bin/../lib/gcc/arm-none-eabi/12.3.1/../../../../arm-none-eabi/lib/thumb/v7e-m+fp/hard\libc_nano.a(libc_a-impure.o)
                              C:/ST/STM32CubeIDE_1.16.0/STM32CubeIDE/plugins/com.st.stm32cube.ide.mcu.externaltools.gnu-tools-for-stm32.12.3.rel1.win32_1.0.200.202406191623/tools/bin/../lib/gcc/arm-none-eabi/12.3.1/../../../../arm-none-eabi/lib/thumb/v7e-m+fp/hard\libc_nano.a(libc_a-reent.o) (_impure_ptr)
C:/ST/STM32CubeIDE_1.16.0/STM32CubeIDE/plugins/com.st.stm32cube.ide.mcu.externaltools.gnu-tools-for-stm32.12.3.rel1.win32_1.0.200.202406191623/tools/bin/../lib/gcc/arm-none-eabi/12.3.1/../../../../arm-none-eabi/lib/thumb/v7e-m+fp/hard\libc_nano.a(libc_a-lseekr.o)
[...]
Memory Configuration

Name             Origin             Length             Attributes
CCMRAM           0x10000000         0x00010000         xrw
RAM              0x20000000         0x00020000         xrw
FLASH            0x08000000         0x00100000         xr
*default*        0x00000000         0xffffffff

Linker script and memory map

LOAD C:/ST/STM32CubeIDE_1.16.0/STM32CubeIDE/plugins/com.st.stm32cube.ide.mcu.externaltools.gnu-tools-for-stm32.12.3.rel1.win32_1.0.200.202406191623/tools/bin/../lib/gcc/arm-none-eabi/12.3.1/thumb/v7e-m+fp/hard/crti.o
LOAD C:/ST/STM32CubeIDE_1.16.0/STM32CubeIDE/plugins/com.st.stm32cube.ide.mcu.externaltools.gnu-tools-for-stm32.12.3.rel1.win32_1.0.200.202406191623/tools/bin/../lib/gcc/arm-none-eabi/12.3.1/thumb/v7e-m+fp/hard/crtbegin.o
LOAD C:/ST/STM32CubeIDE_1.16.0/STM32CubeIDE/plugins/com.st.stm32cube.ide.mcu.externaltools.gnu-tools-for-stm32.12.3.rel1.win32_1.0.200.202406191623/tools/bin/../lib/gcc/arm-none-eabi/12.3.1/../../../../arm-none-eabi/lib/thumb/v7e-m+fp/hard/crt0.o
LOAD ./Core/Src/ASSI.o
LOAD ./Core/Src/adc.o
LOAD ./Core/Src/can.o
LOAD ./Core/Src/dma.o
LOAD ./Core/Src/gpio.o
LOAD ./Core/Src/main.o
LOAD ./Core/Src/stm32f4xx_hal_msp.o
LOAD ./Core/Src/stm32f4xx_it.o
LOAD ./Core/Src/syscalls.o
LOAD ./Core/Src/sysmem.o
LOAD ./Core/Src/system_stm32f4xx.o
LOAD ./Core/Src/tim.o
LOAD ./Core/Src/usart.o
LOAD ./Core/Startup/startup_stm32f415rgtx.o
LOAD ./Drivers/STM32F4xx_HAL_Driver/Src/stm32f4xx_hal.o
LOAD ./Drivers/STM32F4xx_HAL_Driver/Src/stm32f4xx_hal_adc.o
LOAD ./Drivers/STM32F4xx_HAL_Driver/Src/stm32f4xx_hal_adc_ex.o
LOAD ./Drivers/STM32F4xx_HAL_Driver/Src/stm32f4xx_hal_can.o
LOAD ./Drivers/STM32F4xx_HAL_Driver/Src/stm32f4xx_hal_cortex.o
LOAD ./Drivers/STM32F4xx_HAL_Driver/Src/stm32f4xx_hal_dma.o
LOAD ./Drivers/STM32F4xx_HAL_Driver/Src/stm32f4xx_hal_dma_ex.o
LOAD ./Drivers/STM32F4xx_HAL_Driver/Src/stm32f4xx_hal_exti.o
LOAD ./Drivers/STM32F4xx_HAL_Driver/Src/stm32f4xx_hal_flash.o
LOAD ./Drivers/STM32F4xx_HAL_Driver/Src/stm32f4xx_hal_flash_ex.o
LOAD ./Drivers/STM32F4xx_HAL_Driver/Src/stm32f4xx_hal_flash_ramfunc.o
LOAD ./Drivers/STM32F4xx_HAL_Driver/Src/stm32f4xx_hal_gpio.o
LOAD ./Drivers/STM32F4xx_HAL_Driver/Src/stm32f4xx_hal_pwr.o
LOAD ./Drivers/STM32F4xx_HAL_Driver/Src/stm32f4xx_hal_pwr_ex.o
LOAD ./Drivers/STM32F4xx_HAL_Driver/Src/stm32f4xx_hal_rcc.o
LOAD ./Drivers/STM32F4xx_HAL_Driver/Src/stm32f4xx_hal_rcc_ex.o
LOAD ./Drivers/STM32F4xx_HAL_Driver/Src/stm32f4xx_hal_tim.o
LOAD ./Drivers/STM32F4xx_HAL_Driver/Src/stm32f4xx_hal_tim_ex.o
LOAD ./Drivers/STM32F4xx_HAL_Driver/Src/stm32f4xx_hal_uart.o
LOAD ./Drivers/STM32F4xx_HAL_Driver/Src/stm32f4xx_ll_adc.o
START GROUP
LOAD C:/ST/STM32CubeIDE_1.16.0/STM32CubeIDE/plugins/com.st.stm32cube.ide.mcu.externaltools.gnu-tools-for-stm32.12.3.rel1.win32_1.0.200.202406191623/tools/bin/../lib/gcc/arm-none-eabi/12.3.1/../../../../arm-none-eabi/lib/thumb/v7e-m+fp/hard\libc_nano.a
LOAD C:/ST/STM32CubeIDE_1.16.0/STM32CubeIDE/plugins/com.st.stm32cube.ide.mcu.externaltools.gnu-tools-for-stm32.12.3.rel1.win32_1.0.200.202406191623/tools/bin/../lib/gcc/arm-none-eabi/12.3.1/../../../../arm-none-eabi/lib/thumb/v7e-m+fp/hard\libm.a
END GROUP
START GROUP
LOAD C:/ST/STM32CubeIDE_1.16.0/STM32CubeIDE/plugins/com.st.stm32cube.ide.mcu.externaltools.gnu-tools-for-stm32.12.3.rel1.win32_1.0.200.202406191623/tools/bin/../lib/gcc/arm-none-eabi/12.3.1/thumb/v7e-m+fp/hard\libgcc.a
LOAD C:/ST/STM32CubeIDE_1.16.0/STM32CubeIDE/plugins/com.st.stm32cube.ide.mcu.externaltools.gnu-tools-for-stm32.12.3.rel1.win32_1.0.200.202406191623/tools/bin/../lib/gcc/arm-none-eabi/12.3.1/../../../../arm-none-eabi/lib/thumb/v7e-m+fp/hard\libc_nano.a
END GROUP
START GROUP
LOAD C:/ST/STM32CubeIDE_1.16.0/STM32CubeIDE/plugins/com.st.stm32cube.ide.mcu.externaltools.gnu-tools-for-stm32.12.3.rel1.win32_1.0.200.202406191623/tools/bin/../lib/gcc/arm-none-eabi/12.3.1/thumb/v7e-m+fp/hard\libgcc.a
LOAD C:/ST/STM32CubeIDE_1.16.0/STM32CubeIDE/plugins/com.st.stm32cube.ide.mcu.externaltools.gnu-tools-for-stm32.12.3.rel1.win32_1.0.200.202406191623/tools/bin/../lib/gcc/arm-none-eabi/12.3.1/../../../../arm-none-eabi/lib/thumb/v7e-m+fp/hard\libc_nano.a
LOAD C:/ST/STM32CubeIDE_1.16.0/STM32CubeIDE/plugins/com.st.stm32cube.ide.mcu.externaltools.gnu-tools-for-stm32.12.3.rel1.win32_1.0.200.202406191623/tools/bin/../lib/gcc/arm-none-eabi/12.3.1/../../../../arm-none-eabi/lib/thumb/v7e-m+fp/hard\libnosys.a
END GROUP
START GROUP
LOAD C:/ST/STM32CubeIDE_1.16.0/STM32CubeIDE/plugins/com.st.stm32cube.ide.mcu.externaltools.gnu-tools-for-stm32.12.3.rel1.win32_1.0.200.202406191623/tools/bin/../lib/gcc/arm-none-eabi/12.3.1/thumb/v7e-m+fp/hard\libgcc.a
LOAD C:/ST/STM32CubeIDE_1.16.0/STM32CubeIDE/plugins/com.st.stm32cube.ide.mcu.externaltools.gnu-tools-for-stm32.12.3.rel1.win32_1.0.200.202406191623/tools/bin/../lib/gcc/arm-none-eabi/12.3.1/../../../../arm-none-eabi/lib/thumb/v7e-m+fp/hard\libc_nano.a
LOAD C:/ST/STM32CubeIDE_1.16.0/STM32CubeIDE/plugins/com.st.stm32cube.ide.mcu.externaltools.gnu-tools-for-stm32.12.3.rel1.win32_1.0.200.202406191623/tools/bin/../lib/gcc/arm-none-eabi/12.3.1/../../../../arm-none-eabi/lib/thumb/v7e-m+fp/hard\libnosys.a
END GROUP
LOAD C:/ST/STM32CubeIDE_1.16.0/STM32CubeIDE/plugins/com.st.stm32cube.ide.mcu.externaltools.gnu-tools-for-stm32.12.3.rel1.win32_1.0.200.202406191623/tools/bin/../lib/gcc/arm-none-eabi/12.3.1/thumb/v7e-m+fp/hard/crtend.o
LOAD C:/ST/STM32CubeIDE_1.16.0/STM32CubeIDE/plugins/com.st.stm32cube.ide.mcu.externaltools.gnu-tools-for-stm32.12.3.rel1.win32_1.0.200.202406191623/tools/bin/../lib/gcc/arm-none-eabi/12.3.1/thumb/v7e-m+fp/hard/crtn.o
                0x20020000                        _estack = (ORIGIN (RAM) + LENGTH (RAM))
                0x00000200                        _Min_Heap_Size = 0x200
                0x00000400                        _Min_Stack_Size = 0x400

.isr_vector     0x08000000      0x188
                0x08000000                        . = ALIGN (0x4)
 *(.isr_vector)
 .isr_vector    0x08000000      0x188 ./Core/Startup/startup_stm32f415rgtx.o
                0x08000000                g_pfnVectors
                0x08000188                        . = ALIGN (0x4)

.text           0x08000188     0x3ff4
                0x08000188                        . = ALIGN (0x4)
 *(.text)
 .text          0x08000188       0x40 C:/ST/STM32CubeIDE_1.16.0/STM32CubeIDE/plugins/com.st.stm32cube.ide.mcu.externaltools.gnu-tools-for-stm32.12.3.rel1.win32_1.0.200.202406191623/tools/bin/../lib/gcc/arm-none-eabi/12.3.1/thumb/v7e-m+fp/hard/crtbegin.o
 .text          0x080001c8       0x10 C:/ST/STM32CubeIDE_1.16.0/STM32CubeIDE/plugins/com.st.stm32cube.ide.mcu.externaltools.gnu-tools-for-stm32.12.3.rel1.win32_1.0.200.202406191623/tools/bin/../lib/gcc/arm-none-eabi/12.3.1/../../../../arm-none-eabi/lib/thumb/v7e-m+fp/hard\libc_nano.a(libc_a-strlen.o)
                0x080001c8                strlen
 .text          0x080001d8       0x30 C:/ST/STM32CubeIDE_1.16.0/STM32CubeIDE/plugins/com.st.stm32cube.ide.mcu.externaltools.gnu-tools-for-stm32.12.3.rel1.win32_1.0.200.202406191623/tools/bin/../lib/gcc/arm-none-eabi/12.3.1/thumb/v7e-m+fp/hard\libgcc.a(_aeabi_uldivmod.o)
                0x080001d8                __aeabi_uldivmod
 .text          0x08000208      0x2bc C:/ST/STM32CubeIDE_1.16.0/STM32CubeIDE/plugins/com.st.stm32cube.ide.mcu.externaltools.gnu-tools-for-stm32.12.3.rel1.win32_1.0.200.202406191623/tools/bin/../lib/gcc/arm-none-eabi/12.3.1/thumb/v7e-m+fp/hard\libgcc.a(_udivmoddi4.o)
                0x08000208                __udivmoddi4
 .text          0x080004c4        0x4 C:/ST/STM32CubeIDE_1.16.0/STM32CubeIDE/plugins/com.st.stm32cube.ide.mcu.externaltools.gnu-tools-for-stm32.12.3.rel1.win32_1.0.200.202406191623/tools/bin/../lib/gcc/arm-none-eabi/12.3.1/thumb/v7e-m+fp/hard\libgcc.a(_dvmd_tls.o)
                0x080004c4                __aeabi_idiv0
                0x080004c4                __aeabi_ldiv0
 *(.text*)
 .text.setLED   0x080004c8       0x5c ./Core/Src/ASSI.o
                0x080004c8                setLED
 .text.ws2812_synchronous
                0x08000524       0x90 ./Core/Src/ASSI.o
                0x08000524                ws2812_synchronous
 .text.WS2812_Send
                0x080005b4       0x54 ./Core/Src/ASSI.o
                0x080005b4                WS2812_Send
 .text.ASSI_Emergency
                0x08000608       0xb8 ./Core/Src/ASSI.o
                0x08000608                ASSI_Emergency
 .text.MX_ADC1_Init
                0x080006c0       0xa4 ./Core/Src/adc.o
                0x080006c0                MX_ADC1_Init
 .text.MX_ADC2_Init
                0x08000764       0xa4 ./Core/Src/adc.o
                0x08000764                MX_ADC2_Init
 .text.HAL_ADC_MspInit
                0x08000808       0xe8 ./Core/Src/adc.o
                0x08000808                HAL_ADC_MspInit
 .text.MX_CAN1_Init
                0x080008f0       0x6c ./Core/Src/can.o
                0x080008f0                MX_CAN1_Init
 .text.MX_CAN2_Init
                0x0800095c       0x7c ./Core/Src/can.o
                0x0800095c                MX_CAN2_Init
 .text.HAL_CAN_MspInit
                0x080009d8      0x140 ./Core/Src/can.o
                0x080009d8                HAL_CAN_MspInit
 .text.CAN_Send_Message_String
                0x08000b18       0x78 ./Core/Src/can.o
                0x08000b18                CAN_Send_Message_String
 .text.MX_DMA_Init
                0x08000b90       0x40 ./Core/Src/dma.o
                0x08000b90                MX_DMA_Init
 .text.MX_GPIO_Init
                0x08000bd0      0x184 ./Core/Src/gpio.o
                0x08000bd0                MX_GPIO_Init
 .text.main     0x08000d54       0x78 ./Core/Src/main.o
                0x08000d54                main
 .text.SystemClock_Config
                0x08000dcc       0xd0 ./Core/Src/main.o
                0x08000dcc                SystemClock_Config
 .text.HAL_TIM_PeriodElapsedCallback
                0x08000e9c       0x7c ./Core/Src/main.o
                0x08000e9c                HAL_TIM_PeriodElapsedCallback
 .text.Read_Rotary
                0x08000f18       0x70 ./Core/Src/main.o
                0x08000f18                Read_Rotary
 .text.Error_Handler
                0x08000f88        0xe ./Core/Src/main.o
                0x08000f88                Error_Handler
 *fill*         0x08000f96        0x2 
 .text.HAL_MspInit
                0x08000f98       0x50 ./Core/Src/stm32f4xx_hal_msp.o
                0x08000f98                HAL_MspInit
 .text.NMI_Handler
                0x08000fe8        0x8 ./Core/Src/stm32f4xx_it.o
                0x08000fe8                NMI_Handler
 .text.HardFault_Handler
                0x08000ff0        0x8 ./Core/Src/stm32f4xx_it.o
                0x08000ff0                HardFault_Handler
 .text.MemManage_Handler
                0x08000ff8        0x8 ./Core/Src/stm32f4xx_it.o
                0x08000ff8                MemManage_Handler
 .text.BusFault_Handler
                0x08001000        0x8 ./Core/Src/stm32f4xx_it.o
                0x08001000                BusFault_Handler
 .text.UsageFault_Handler
                0x08001008        0x8 ./Core/Src/stm32f4xx_it.o
                0x08001008                UsageFault_Handler
 .text.SVC_Handler
                0x08001010        0xe ./Core/Src/stm32f4xx_it.o
                0x08001010                SVC_Handler
 .text.DebugMon_Handler
                0x0800101e        0xe ./Core/Src/stm32f4xx_it.o
                0x0800101e                DebugMon_Handler
 .text.PendSV_Handler
                0x0800102c        0xe ./Core/Src/stm32f4xx_it.o
                0x0800102c                PendSV_Handler
 .text.SysTick_Handler
                0x0800103a        0xc ./Core/Src/stm32f4xx_it.o
                0x0800103a                SysTick_Handler
 *fill*         0x08001046        0x2 
 .text.TIM6_DAC_IRQHandler
                0x08001048       0x14 ./Core/Src/stm32f4xx_it.o
                0x08001048                TIM6_DAC_IRQHandler
 .text.TIM7_IRQHandler
                0x0800105c       0x14 ./Core/Src/stm32f4xx_it.o
                0x0800105c                TIM7_IRQHandler
 .text.DMA2_Stream7_IRQHandler
                0x08001070       0x14 ./Core/Src/stm32f4xx_it.o
                0x08001070                DMA2_Stream7_IRQHandler
 .text.SystemInit
                0x08001084       0x24 ./Core/Src/system_stm32f4xx.o
                0x08001084                SystemInit
 .text.MX_TIM6_Init
                0x080010a8       0x6c ./Core/Src/tim.o
                0x080010a8                MX_TIM6_Init
 .text.MX_TIM7_Init
                0x08001114       0x6c ./Core/Src/tim.o
                0x08001114                MX_TIM7_Init
 .text.HAL_TIM_Base_MspInit
                0x08001180       0x8c ./Core/Src/tim.o
                0x08001180                HAL_TIM_Base_MspInit
 .text.MX_USART1_UART_Init
                0x0800120c       0x54 ./Core/Src/usart.o
                0x0800120c                MX_USART1_UART_Init
 .text.HAL_UART_MspInit
                0x08001260      0x108 ./Core/Src/usart.o
                0x08001260                HAL_UART_MspInit
 .text.Reset_Handler
                0x08001368       0x50 ./Core/Startup/startup_stm32f415rgtx.o
                0x08001368                Reset_Handler
 .text.Default_Handler
                0x080013b8        0x2 ./Core/Startup/startup_stm32f415rgtx.o
                0x080013b8                RTC_Alarm_IRQHandler
                0x080013b8                HASH_RNG_IRQHandler
                0x080013b8                EXTI2_IRQHandler
                0x080013b8                TIM8_CC_IRQHandler
                0x080013b8                TIM1_CC_IRQHandler
                0x080013b8                DMA2_Stream5_IRQHandler
                0x080013b8                DMA1_Stream5_IRQHandler
                0x080013b8                PVD_IRQHandler
                0x080013b8                SDIO_IRQHandler
                0x080013b8                TAMP_STAMP_IRQHandler
                0x080013b8                CAN2_RX1_IRQHandler
                0x080013b8                EXTI3_IRQHandler
                0x080013b8                TIM8_TRG_COM_TIM14_IRQHandler
                0x080013b8                TIM1_UP_TIM10_IRQHandler
                0x080013b8                TIM8_UP_TIM13_IRQHandler
                0x080013b8                I2C3_ER_IRQHandler
                0x080013b8                EXTI0_IRQHandler
                0x080013b8                I2C2_EV_IRQHandler
                0x080013b8                DMA1_Stream2_IRQHandler
                0x080013b8                CAN1_RX0_IRQHandler
                0x080013b8                FPU_IRQHandler
                0x080013b8                OTG_HS_WKUP_IRQHandler
                0x080013b8                CAN2_SCE_IRQHandler
                0x080013b8                DMA2_Stream2_IRQHandler
                0x080013b8                SPI1_IRQHandler
                0x080013b8                TIM1_BRK_TIM9_IRQHandler
                0x080013b8                CAN2_RX0_IRQHandler
                0x080013b8                DMA2_Stream3_IRQHandler
                0x080013b8                USART6_IRQHandler
                0x080013b8                USART3_IRQHandler
                0x080013b8                CRYP_IRQHandler
                0x080013b8                CAN1_RX1_IRQHandler
                0x080013b8                UART5_IRQHandler
                0x080013b8                DMA2_Stream0_IRQHandler
                0x080013b8                TIM4_IRQHandler
                0x080013b8                I2C1_EV_IRQHandler
                0x080013b8                DMA1_Stream6_IRQHandler
                0x080013b8                DMA1_Stream1_IRQHandler
                0x080013b8                UART4_IRQHandler
                0x080013b8                TIM3_IRQHandler
                0x080013b8                RCC_IRQHandler
                0x080013b8                TIM8_BRK_TIM12_IRQHandler
                0x080013b8                Default_Handler
                0x080013b8                EXTI15_10_IRQHandler
                0x080013b8                ADC_IRQHandler
                0x080013b8                DMA1_Stream7_IRQHandler
                0x080013b8                CAN2_TX_IRQHandler
                0x080013b8                TIM5_IRQHandler
                0x080013b8                I2C3_EV_IRQHandler
                0x080013b8                EXTI9_5_IRQHandler
                0x080013b8                RTC_WKUP_IRQHandler
                0x080013b8                SPI2_IRQHandler
                0x080013b8                OTG_HS_EP1_IN_IRQHandler
                0x080013b8                DMA1_Stream0_IRQHandler
                0x080013b8                CAN1_TX_IRQHandler
                0x080013b8                EXTI4_IRQHandler
                0x080013b8                FSMC_IRQHandler
                0x080013b8                OTG_HS_EP1_OUT_IRQHandler
                0x080013b8                WWDG_IRQHandler
                0x080013b8                TIM2_IRQHandler
                0x080013b8                OTG_FS_WKUP_IRQHandler
                0x080013b8                TIM1_TRG_COM_TIM11_IRQHandler
                0x080013b8                OTG_HS_IRQHandler
                0x080013b8                EXTI1_IRQHandler
                0x080013b8                USART2_IRQHandler
                0x080013b8                I2C2_ER_IRQHandler
                0x080013b8                DMA2_Stream1_IRQHandler
                0x080013b8                CAN1_SCE_IRQHandler
                0x080013b8                FLASH_IRQHandler
                0x080013b8                DMA2_Stream4_IRQHandler
                0x080013b8                USART1_IRQHandler
                0x080013b8                OTG_FS_IRQHandler
                0x080013b8                SPI3_IRQHandler
                0x080013b8                DMA1_Stream4_IRQHandler
                0x080013b8                I2C1_ER_IRQHandler
                0x080013b8                DMA2_Stream6_IRQHandler
                0x080013b8                DMA1_Stream3_IRQHandler
 *fill*         0x080013ba        0x2 
 .text.HAL_Init
                0x080013bc       0x44 ./Drivers/STM32F4xx_HAL_Driver/Src/stm32f4xx_hal.o
                0x080013bc                HAL_Init
 .text.HAL_InitTick
                0x08001400       0x60 ./Drivers/STM32F4xx_HAL_Driver/Src/stm32f4xx_hal.o
                0x08001400                HAL_InitTick
 .text.HAL_IncTick
                0x08001460       0x28 ./Drivers/STM32F4xx_HAL_Driver/Src/stm32f4xx_hal.o
                0x08001460                HAL_IncTick
 .text.HAL_GetTick
                0x08001488       0x18 ./Drivers/STM32F4xx_HAL_Driver/Src/stm32f4xx_hal.o
                0x08001488                HAL_GetTick
 .text.HAL_Delay
                0x080014a0       0x48 ./Drivers/STM32F4xx_HAL_Driver/Src/stm32f4xx_hal.o
                0x080014a0                HAL_Delay
 .text.HAL_ADC_Init
                0x080014e8       0x86 ./Drivers/STM32F4xx_HAL_Driver/Src/stm32f4xx_hal_adc.o
                0x080014e8                HAL_ADC_Init
 *fill*         0x0800156e        0x2 
 .text.HAL_ADC_ConfigChannel
                0x08001570      0x244 ./Drivers/STM32F4xx_HAL_Driver/Src/stm32f4xx_hal_adc.o
                0x08001570                HAL_ADC_ConfigChannel
 .text.ADC_Init
                0x080017b4      0x1f8 ./Drivers/STM32F4xx_HAL_Driver/Src/stm32f4xx_hal_adc.o
 .text.HAL_CAN_Init
                0x080019ac      0x1f6 ./Drivers/STM32F4xx_HAL_Driver/Src/stm32f4xx_hal_can.o
                0x080019ac                HAL_CAN_Init
 .text.HAL_CAN_Start
                0x08001ba2       0x88 ./Drivers/STM32F4xx_HAL_Driver/Src/stm32f4xx_hal_can.o
                0x08001ba2                HAL_CAN_Start
 .text.HAL_CAN_AddTxMessage
                0x08001c2a      0x1a0 ./Drivers/STM32F4xx_HAL_Driver/Src/stm32f4xx_hal_can.o
                0x08001c2a                HAL_CAN_AddTxMessage
 .text.HAL_CAN_ActivateNotification
                0x08001dca       0x4c ./Drivers/STM32F4xx_HAL_Driver/Src/stm32f4xx_hal_can.o
                0x08001dca                HAL_CAN_ActivateNotification
 *fill*         0x08001e16        0x2 
 .text.__NVIC_SetPriorityGrouping
                0x08001e18       0x48 ./Drivers/STM32F4xx_HAL_Driver/Src/stm32f4xx_hal_cortex.o
 .text.__NVIC_GetPriorityGrouping
                0x08001e60       0x1c ./Drivers/STM32F4xx_HAL_Driver/Src/stm32f4xx_hal_cortex.o
 .text.__NVIC_EnableIRQ
                0x08001e7c       0x3c ./Drivers/STM32F4xx_HAL_Driver/Src/stm32f4xx_hal_cortex.o
 .text.__NVIC_SetPriority
                0x08001eb8       0x54 ./Drivers/STM32F4xx_HAL_Driver/Src/stm32f4xx_hal_cortex.o
 .text.NVIC_EncodePriority
                0x08001f0c       0x66 ./Drivers/STM32F4xx_HAL_Driver/Src/stm32f4xx_hal_cortex.o
 *fill*         0x08001f72        0x2 
 .text.SysTick_Config
                0x08001f74       0x44 ./Drivers/STM32F4xx_HAL_Driver/Src/stm32f4xx_hal_cortex.o
 .text.HAL_NVIC_SetPriorityGrouping
                0x08001fb8       0x16 ./Drivers/STM32F4xx_HAL_Driver/Src/stm32f4xx_hal_cortex.o
                0x08001fb8                HAL_NVIC_SetPriorityGrouping
 .text.HAL_NVIC_SetPriority
                0x08001fce       0x38 ./Drivers/STM32F4xx_HAL_Driver/Src/stm32f4xx_hal_cortex.o
                0x08001fce                HAL_NVIC_SetPriority
 .text.HAL_NVIC_EnableIRQ
                0x08002006       0x1c ./Drivers/STM32F4xx_HAL_Driver/Src/stm32f4xx_hal_cortex.o
                0x08002006                HAL_NVIC_EnableIRQ
 .text.HAL_SYSTICK_Config
                0x08002022       0x18 ./Drivers/STM32F4xx_HAL_Driver/Src/stm32f4xx_hal_cortex.o
                0x08002022                HAL_SYSTICK_Config
 *fill*         0x0800203a        0x2 
 .text.HAL_DMA_Init
                0x0800203c      0x15c ./Drivers/STM32F4xx_HAL_Driver/Src/stm32f4xx_hal_dma.o
                0x0800203c                HAL_DMA_Init
 .text.HAL_DMA_IRQHandler
                0x08002198      0x314 ./Drivers/STM32F4xx_HAL_Driver/Src/stm32f4xx_hal_dma.o
                0x08002198                HAL_DMA_IRQHandler
 .text.DMA_CalcBaseAndBitshift
                0x080024ac       0x6c ./Drivers/STM32F4xx_HAL_Driver/Src/stm32f4xx_hal_dma.o
 .text.DMA_CheckFifoParam
                0x08002518       0xf8 ./Drivers/STM32F4xx_HAL_Driver/Src/stm32f4xx_hal_dma.o
 .text.HAL_GPIO_Init
                0x08002610      0x338 ./Drivers/STM32F4xx_HAL_Driver/Src/stm32f4xx_hal_gpio.o
                0x08002610                HAL_GPIO_Init
 .text.HAL_GPIO_ReadPin
                0x08002948       0x30 ./Drivers/STM32F4xx_HAL_Driver/Src/stm32f4xx_hal_gpio.o
                0x08002948                HAL_GPIO_ReadPin
 .text.HAL_GPIO_WritePin
                0x08002978       0x32 ./Drivers/STM32F4xx_HAL_Driver/Src/stm32f4xx_hal_gpio.o
                0x08002978                HAL_GPIO_WritePin
 .text.HAL_GPIO_TogglePin
                0x080029aa       0x34 ./Drivers/STM32F4xx_HAL_Driver/Src/stm32f4xx_hal_gpio.o
                0x080029aa                HAL_GPIO_TogglePin
 *fill*         0x080029de        0x2 
 .text.HAL_RCC_OscConfig
                0x080029e0      0x4f0 ./Drivers/STM32F4xx_HAL_Driver/Src/stm32f4xx_hal_rcc.o
                0x080029e0                HAL_RCC_OscConfig
 .text.HAL_RCC_ClockConfig
                0x08002ed0      0x1cc ./Drivers/STM32F4xx_HAL_Driver/Src/stm32f4xx_hal_rcc.o
                0x08002ed0                HAL_RCC_ClockConfig
 .text.HAL_RCC_GetSysClockFreq
                0x0800309c      0x18c ./Drivers/STM32F4xx_HAL_Driver/Src/stm32f4xx_hal_rcc.o
                0x0800309c                HAL_RCC_GetSysClockFreq
 .text.HAL_RCC_GetHCLKFreq
                0x08003228       0x18 ./Drivers/STM32F4xx_HAL_Driver/Src/stm32f4xx_hal_rcc.o
                0x08003228                HAL_RCC_GetHCLKFreq
 .text.HAL_RCC_GetPCLK1Freq
                0x08003240       0x28 ./Drivers/STM32F4xx_HAL_Driver/Src/stm32f4xx_hal_rcc.o
                0x08003240                HAL_RCC_GetPCLK1Freq
 .text.HAL_RCC_GetPCLK2Freq
                0x08003268       0x28 ./Drivers/STM32F4xx_HAL_Driver/Src/stm32f4xx_hal_rcc.o
                0x08003268                HAL_RCC_GetPCLK2Freq
 .text.HAL_TIM_Base_Init
                0x08003290       0x9e ./Drivers/STM32F4xx_HAL_Driver/Src/stm32f4xx_hal_tim.o
                0x08003290                HAL_TIM_Base_Init
 *fill*         0x0800332e        0x2 
 .text.HAL_TIM_Base_Start_IT
                0x08003330       0xe0 ./Drivers/STM32F4xx_HAL_Driver/Src/stm32f4xx_hal_tim.o
                0x08003330                HAL_TIM_Base_Start_IT
 .text.HAL_TIM_IRQHandler
                0x08003410      0x1e0 ./Drivers/STM32F4xx_HAL_Driver/Src/stm32f4xx_hal_tim.o
                0x08003410                HAL_TIM_IRQHandler
 .text.HAL_TIM_OC_DelayElapsedCallback
                0x080035f0       0x14 ./Drivers/STM32F4xx_HAL_Driver/Src/stm32f4xx_hal_tim.o
                0x080035f0                HAL_TIM_OC_DelayElapsedCallback
 .text.HAL_TIM_IC_CaptureCallback
                0x08003604       0x14 ./Drivers/STM32F4xx_HAL_Driver/Src/stm32f4xx_hal_tim.o
                0x08003604                HAL_TIM_IC_CaptureCallback
 .text.HAL_TIM_PWM_PulseFinishedCallback
                0x08003618       0x14 ./Drivers/STM32F4xx_HAL_Driver/Src/stm32f4xx_hal_tim.o
                0x08003618                HAL_TIM_PWM_PulseFinishedCallback
 .text.HAL_TIM_TriggerCallback
                0x0800362c       0x14 ./Drivers/STM32F4xx_HAL_Driver/Src/stm32f4xx_hal_tim.o
                0x0800362c                HAL_TIM_TriggerCallback
 .text.TIM_Base_SetConfig
                0x08003640      0x158 ./Drivers/STM32F4xx_HAL_Driver/Src/stm32f4xx_hal_tim.o
                0x08003640                TIM_Base_SetConfig
 .text.HAL_TIMEx_MasterConfigSynchronization
                0x08003798       0xf8 ./Drivers/STM32F4xx_HAL_Driver/Src/stm32f4xx_hal_tim_ex.o
                0x08003798                HAL_TIMEx_MasterConfigSynchronization
 .text.HAL_TIMEx_CommutCallback
                0x08003890       0x14 ./Drivers/STM32F4xx_HAL_Driver/Src/stm32f4xx_hal_tim_ex.o
                0x08003890                HAL_TIMEx_CommutCallback
 .text.HAL_TIMEx_BreakCallback
                0x080038a4       0x14 ./Drivers/STM32F4xx_HAL_Driver/Src/stm32f4xx_hal_tim_ex.o
                0x080038a4                HAL_TIMEx_BreakCallback
 .text.HAL_UART_Init
                0x080038b8       0xa0 ./Drivers/STM32F4xx_HAL_Driver/Src/stm32f4xx_hal_uart.o
                0x080038b8                HAL_UART_Init
 .text.HAL_UART_Transmit
                0x08003958      0x116 ./Drivers/STM32F4xx_HAL_Driver/Src/stm32f4xx_hal_uart.o
                0x08003958                HAL_UART_Transmit
 .text.HAL_UART_GetState
                0x08003a6e       0x3c ./Drivers/STM32F4xx_HAL_Driver/Src/stm32f4xx_hal_uart.o
                0x08003a6e                HAL_UART_GetState
 .text.UART_WaitOnFlagUntilTimeout
                0x08003aaa       0xb2 ./Drivers/STM32F4xx_HAL_Driver/Src/stm32f4xx_hal_uart.o
 .text.UART_EndRxTransfer
                0x08003b5c       0xc6 ./Drivers/STM32F4xx_HAL_Driver/Src/stm32f4xx_hal_uart.o
 *fill*         0x08003c22        0x2 
 .text.UART_SetConfig
                0x08003c24      0x4e8 ./Drivers/STM32F4xx_HAL_Driver/Src/stm32f4xx_hal_uart.o
 .text.memset   0x0800410c       0x10 C:/ST/STM32CubeIDE_1.16.0/STM32CubeIDE/plugins/com.st.stm32cube.ide.mcu.externaltools.gnu-tools-for-stm32.12.3.rel1.win32_1.0.200.202406191623/tools/bin/../lib/gcc/arm-none-eabi/12.3.1/../../../../arm-none-eabi/lib/thumb/v7e-m+fp/hard\libc_nano.a(libc_a-memset.o)
                0x0800410c                memset
 .text.__libc_init_array
                0x0800411c       0x48 C:/ST/STM32CubeIDE_1.16.0/STM32CubeIDE/plugins/com.st.stm32cube.ide.mcu.externaltools.gnu-tools-for-stm32.12.3.rel1.win32_1.0.200.202406191623/tools/bin/../lib/gcc/arm-none-eabi/12.3.1/../../../../arm-none-eabi/lib/thumb/v7e-m+fp/hard\libc_nano.a(libc_a-init.o)
                0x0800411c                __libc_init_array
 *(.glue_7)
 .glue_7        0x08004164        0x0 linker stubs
 *(.glue_7t)
 .glue_7t       0x08004164        0x0 linker stubs
 *(.eh_frame)
 .eh_frame      0x08004164        0x0 C:/ST/STM32CubeIDE_1.16.0/STM32CubeIDE/plugins/com.st.stm32cube.ide.mcu.externaltools.gnu-tools-for-stm32.12.3.rel1.win32_1.0.200.202406191623/tools/bin/../lib/gcc/arm-none-eabi/12.3.1/thumb/v7e-m+fp/hard/crtbegin.o
 *(.init)
 .init          0x08004164        0x4 C:/ST/STM32CubeIDE_1.16.0/STM32CubeIDE/plugins/com.st.stm32cube.ide.mcu.externaltools.gnu-tools-for-stm32.12.3.rel1.win32_1.0.200.202406191623/tools/bin/../lib/gcc/arm-none-eabi/12.3.1/thumb/v7e-m+fp/hard/crti.o
                0x08004164                _init
 .init          0x08004168        0x8 C:/ST/STM32CubeIDE_1.16.0/STM32CubeIDE/plugins/com.st.stm32cube.ide.mcu.externaltools.gnu-tools-for-stm32.12.3.rel1.win32_1.0.200.202406191623/tools/bin/../lib/gcc/arm-none-eabi/12.3.1/thumb/v7e-m+fp/hard/crtn.o
 *(.fini)
 .fini          0x08004170        0x4 C:/ST/STM32CubeIDE_1.16.0/STM32CubeIDE/plugins/com.st.stm32cube.ide.mcu.externaltools.gnu-tools-for-stm32.12.3.rel1.win32_1.0.200.202406191623/tools/bin/../lib/gcc/arm-none-eabi/12.3.1/thumb/v7e-m+fp/hard/crti.o
                0x08004170                _fini
 .fini          0x08004174        0x8 C:/ST/STM32CubeIDE_1.16.0/STM32CubeIDE/plugins/com.st.stm32cube.ide.mcu.externaltools.gnu-tools-for-stm32.12.3.rel1.win32_1.0.200.202406191623/tools/bin/../lib/gcc/arm-none-eabi/12.3.1/thumb/v7e-m+fp/hard/crtn.o
                0x0800417c                        . = ALIGN (0x4)
                0x0800417c                        _etext = .

.vfp11_veneer   0x0800417c        0x0
 .vfp11_veneer  0x0800417c        0x0 linker stubs

.v4_bx          0x0800417c        0x0
 .v4_bx         0x0800417c        0x0 linker stubs

.iplt           0x0800417c        0x0
 .iplt          0x0800417c        0x0 C:/ST/STM32CubeIDE_1.16.0/STM32CubeIDE/plugins/com.st.stm32cube.ide.mcu.externaltools.gnu-tools-for-stm32.12.3.rel1.win32_1.0.200.202406191623/tools/bin/../lib/gcc/arm-none-eabi/12.3.1/thumb/v7e-m+fp/hard/crtbegin.o

.rodata         0x0800417c       0x78
                0x0800417c                        . = ALIGN (0x4)
 *(.rodata)
 .rodata        0x0800417c       0x58 ./Core/Src/main.o
 *(.rodata*)
 .rodata.AHBPrescTable
                0x080041d4       0x10 ./Core/Src/system_stm32f4xx.o
                0x080041d4                AHBPrescTable
 .rodata.APBPrescTable
                0x080041e4        0x8 ./Core/Src/system_stm32f4xx.o
                0x080041e4                APBPrescTable
 .rodata.flagBitshiftOffset.0
                0x080041ec        0x8 ./Drivers/STM32F4xx_HAL_Driver/Src/stm32f4xx_hal_dma.o
                0x080041f4                        . = ALIGN (0x4)

.ARM.extab      0x080041f4        0x0
                0x080041f4                        . = ALIGN (0x4)
 *(.ARM.extab* .gnu.linkonce.armextab.*)
                0x080041f4                        . = ALIGN (0x4)

.ARM            0x080041f4        0x8
                0x080041f4                        . = ALIGN (0x4)
                0x080041f4                        __exidx_start = .
 *(.ARM.exidx*)
 .ARM.exidx     0x080041f4        0x8 C:/ST/STM32CubeIDE_1.16.0/STM32CubeIDE/plugins/com.st.stm32cube.ide.mcu.externaltools.gnu-tools-for-stm32.12.3.rel1.win32_1.0.200.202406191623/tools/bin/../lib/gcc/arm-none-eabi/12.3.1/../../../../arm-none-eabi/lib/thumb/v7e-m+fp/hard\libc_nano.a(libc_a-strlen.o)
 .ARM.exidx     0x080041fc        0x0 C:/ST/STM32CubeIDE_1.16.0/STM32CubeIDE/plugins/com.st.stm32cube.ide.mcu.externaltools.gnu-tools-for-stm32.12.3.rel1.win32_1.0.200.202406191623/tools/bin/../lib/gcc/arm-none-eabi/12.3.1/thumb/v7e-m+fp/hard\libgcc.a(_udivmoddi4.o)
                                  0x8 (size before relaxing)
                0x080041fc                        __exidx_end = .
                0x080041fc                        . = ALIGN (0x4)

.preinit_array  0x080041fc        0x0
                0x080041fc                        . = ALIGN (0x4)
                0x080041fc                        PROVIDE (__preinit_array_start = .)
 *(.preinit_array*)
                0x080041fc                        PROVIDE (__preinit_array_end = .)
                0x080041fc                        . = ALIGN (0x4)

.init_array     0x080041fc        0x4
                0x080041fc                        . = ALIGN (0x4)
                0x080041fc                        PROVIDE (__init_array_start = .)
 *(SORT_BY_NAME(.init_array.*))
 *(.init_array*)
 .init_array    0x080041fc        0x4 C:/ST/STM32CubeIDE_1.16.0/STM32CubeIDE/plugins/com.st.stm32cube.ide.mcu.externaltools.gnu-tools-for-stm32.12.3.rel1.win32_1.0.200.202406191623/tools/bin/../lib/gcc/arm-none-eabi/12.3.1/thumb/v7e-m+fp/hard/crtbegin.o
                0x08004200                        PROVIDE (__init_array_end = .)
                0x08004200                        . = ALIGN (0x4)

.fini_array     0x08004200        0x4
                0x08004200                        . = ALIGN (0x4)
                [!provide]                        PROVIDE (__fini_array_start = .)
 *(SORT_BY_NAME(.fini_array.*))
 *(.fini_array*)
 .fini_array    0x08004200        0x4 C:/ST/STM32CubeIDE_1.16.0/STM32CubeIDE/plugins/com.st.stm32cube.ide.mcu.externaltools.gnu-tools-for-stm32.12.3.rel1.win32_1.0.200.202406191623/tools/bin/../lib/gcc/arm-none-eabi/12.3.1/thumb/v7e-m+fp/hard/crtbegin.o
                [!provide]                        PROVIDE (__fini_array_end = .)
                0x08004204                        . = ALIGN (0x4)
                0x08004204                        _sidata = LOADADDR (.data)

.rel.dyn        0x08004204        0x0
 .rel.iplt      0x08004204        0x0 C:/ST/STM32CubeIDE_1.16.0/STM32CubeIDE/plugins/com.st.stm32cube.ide.mcu.externaltools.gnu-tools-for-stm32.12.3.rel1.win32_1.0.200.202406191623/tools/bin/../lib/gcc/arm-none-eabi/12.3.1/thumb/v7e-m+fp/hard/crtbegin.o

.data           0x20000000       0x10 load address 0x08004204
                0x20000000                        . = ALIGN (0x4)
                0x20000000                        _sdata = .
 *(.data)
 *(.data*)
 .data.FAILURE_MODE
                0x20000000        0x1 ./Core/Src/main.o
                0x20000000                FAILURE_MODE
 *fill*         0x20000001        0x3 
 .data.SystemCoreClock
                0x20000004        0x4 ./Core/Src/system_stm32f4xx.o
                0x20000004                SystemCoreClock
 .data.uwTickPrio
                0x20000008        0x4 ./Drivers/STM32F4xx_HAL_Driver/Src/stm32f4xx_hal.o
                0x20000008                uwTickPrio
 .data.uwTickFreq
                0x2000000c        0x1 ./Drivers/STM32F4xx_HAL_Driver/Src/stm32f4xx_hal.o
                0x2000000c                uwTickFreq
 *(.RamFunc)
 *(.RamFunc*)
                0x20000010                        . = ALIGN (0x4)
 *fill*         0x2000000d        0x3 
                0x20000010                        _edata = .
                0x08004214                        _siccmram = LOADADDR (.ccmram)

.igot.plt       0x20000010        0x0 load address 0x08004214
 .igot.plt      0x20000010        0x0 C:/ST/STM32CubeIDE_1.16.0/STM32CubeIDE/plugins/com.st.stm32cube.ide.mcu.externaltools.gnu-tools-for-stm32.12.3.rel1.win32_1.0.200.202406191623/tools/bin/../lib/gcc/arm-none-eabi/12.3.1/thumb/v7e-m+fp/hard/crtbegin.o

.ccmram         0x10000000        0x0 load address 0x08004214
                0x10000000                        . = ALIGN (0x4)
                0x10000000                        _sccmram = .
 *(.ccmram)
 *(.ccmram*)
                0x10000000                        . = ALIGN (0x4)
                0x10000000                        _eccmram = .
                0x10000000                        . = ALIGN (0x4)

.bss            0x20000010      0x460
                0x20000010                        _sbss = .
                0x20000010                        __bss_start__ = _sbss
 *(.bss)
 .bss           0x20000010       0x1c C:/ST/STM32CubeIDE_1.16.0/STM32CubeIDE/plugins/com.st.stm32cube.ide.mcu.externaltools.gnu-tools-for-stm32.12.3.rel1.win32_1.0.200.202406191623/tools/bin/../lib/gcc/arm-none-eabi/12.3.1/thumb/v7e-m+fp/hard/crtbegin.o
 *(.bss*)
 .bss.LED_Data  0x2000002c      0x1dc ./Core/Src/ASSI.o
                0x2000002c                LED_Data
 .bss.ASSI_Timecheck
                0x20000208        0x2 ./Core/Src/ASSI.o
                0x20000208                ASSI_Timecheck
 *fill*         0x2000020a        0x2 
 .bss.toggle    0x2000020c        0x4 ./Core/Src/ASSI.o
                0x2000020c                toggle
 .bss.hadc1     0x20000210       0x48 ./Core/Src/adc.o
                0x20000210                hadc1
 .bss.hadc2     0x20000258       0x48 ./Core/Src/adc.o
                0x20000258                hadc2
 .bss.TxHeader  0x200002a0       0x18 ./Core/Src/can.o
                0x200002a0                TxHeader
 .bss.TxData    0x200002b8        0x8 ./Core/Src/can.o
                0x200002b8                TxData
 .bss.TxMailbox
                0x200002c0        0x4 ./Core/Src/can.o
                0x200002c0                TxMailbox
 .bss.hcan1     0x200002c4       0x28 ./Core/Src/can.o
                0x200002c4                hcan1
 .bss.hcan2     0x200002ec       0x28 ./Core/Src/can.o
                0x200002ec                hcan2
 .bss.HAL_RCC_CAN1_CLK_ENABLED
                0x20000314        0x4 ./Core/Src/can.o
 .bss.State_Variables
                0x20000318       0x14 ./Core/Src/main.o
                0x20000318                State_Variables
 .bss.length    0x2000032c        0x4 ./Core/Src/main.o
                0x2000032c                length
 .bss.HeartbeatCheck
                0x20000330        0x3 ./Core/Src/main.o
                0x20000330                HeartbeatCheck
 .bss.OVERRIDE  0x20000333        0x1 ./Core/Src/main.o
                0x20000333                OVERRIDE
 .bss.htim6     0x20000334       0x48 ./Core/Src/tim.o
                0x20000334                htim6
 .bss.htim7     0x2000037c       0x48 ./Core/Src/tim.o
                0x2000037c                htim7
 .bss.huart1    0x200003c4       0x48 ./Core/Src/usart.o
                0x200003c4                huart1
 .bss.hdma_usart1_tx
                0x2000040c       0x60 ./Core/Src/usart.o
                0x2000040c                hdma_usart1_tx
 .bss.uwTick    0x2000046c        0x4 ./Drivers/STM32F4xx_HAL_Driver/Src/stm32f4xx_hal.o
                0x2000046c                uwTick
 *(COMMON)
                0x20000470                        . = ALIGN (0x4)
                0x20000470                        _ebss = .
                0x20000470                        __bss_end__ = _ebss

._user_heap_stack
                0x20000470      0x600
                0x20000470                        . = ALIGN (0x8)
                [!provide]                        PROVIDE (end = .)
                0x20000470                        PROVIDE (_end = .)
                0x20000670                        . = (. + _Min_Heap_Size)
 *fill*         0x20000470      0x200 
                0x20000a70                        . = (. + _Min_Stack_Size)
 *fill*         0x20000670      0x400 
                0x20000a70                        . = ALIGN (0x8)

/DISCARD/
 libc.a(*)
 libm.a(*)
 libgcc.a(*)

.ARM.attributes
                0x00000000       0x30
 *(.ARM.attributes)
 .ARM.attributes
                0x00000000       0x22 C:/ST/STM32CubeIDE_1.16.0/STM32CubeIDE/plugins/com.st.stm32cube.ide.mcu.externaltools.gnu-tools-for-stm32.12.3.rel1.win32_1.0.200.202406191623/tools/bin/../lib/gcc/arm-none-eabi/12.3.1/thumb/v7e-m+fp/hard/crti.o
 .ARM.attributes
                0x00000022       0x34 C:/ST/STM32CubeIDE_1.16.0/STM32CubeIDE/plugins/com.st.stm32cube.ide.mcu.externaltools.gnu-tools-for-stm32.12.3.rel1.win32_1.0.200.202406191623/tools/bin/../lib/gcc/arm-none-eabi/12.3.1/thumb/v7e-m+fp/hard/crtbegin.o
 .ARM.attributes
                0x00000056       0x34 ./Core/Src/ASSI.o
 .ARM.attributes
                0x0000008a       0x34 ./Core/Src/adc.o
 .ARM.attributes
                0x000000be       0x34 ./Core/Src/can.o
 .ARM.attributes
                0x000000f2       0x34 ./Core/Src/dma.o
 .ARM.attributes
                0x00000126       0x34 ./Core/Src/gpio.o
 .ARM.attributes
                0x0000015a       0x34 ./Core/Src/main.o
 .ARM.attributes
                0x0000018e       0x34 ./Core/Src/stm32f4xx_hal_msp.o
 .ARM.attributes
                0x000001c2       0x34 ./Core/Src/stm32f4xx_it.o
 .ARM.attributes
                0x000001f6       0x34 ./Core/Src/system_stm32f4xx.o
 .ARM.attributes
                0x0000022a       0x34 ./Core/Src/tim.o
 .ARM.attributes
                0x0000025e       0x34 ./Core/Src/usart.o
 .ARM.attributes
                0x00000292       0x21 ./Core/Startup/startup_stm32f415rgtx.o
 .ARM.attributes
                0x000002b3       0x34 ./Drivers/STM32F4xx_HAL_Driver/Src/stm32f4xx_hal.o
 .ARM.attributes
                0x000002e7       0x34 ./Drivers/STM32F4xx_HAL_Driver/Src/stm32f4xx_hal_adc.o
 .ARM.attributes
                0x0000031b       0x34 ./Drivers/STM32F4xx_HAL_Driver/Src/stm32f4xx_hal_can.o
 .ARM.attributes
                0x0000034f       0x34 ./Drivers/STM32F4xx_HAL_Driver/Src/stm32f4xx_hal_cortex.o
 .ARM.attributes
                0x00000383       0x34 ./Drivers/STM32F4xx_HAL_Driver/Src/stm32f4xx_hal_dma.o
 .ARM.attributes
                0x000003b7       0x34 ./Drivers/STM32F4xx_HAL_Driver/Src/stm32f4xx_hal_gpio.o
 .ARM.attributes
                0x000003eb       0x34 ./Drivers/STM32F4xx_HAL_Driver/Src/stm32f4xx_hal_rcc.o
 .ARM.attributes
                0x0000041f       0x34 ./Drivers/STM32F4xx_HAL_Driver/Src/stm32f4xx_hal_tim.o
 .ARM.attributes
                0x00000453       0x34 ./Drivers/STM32F4xx_HAL_Driver/Src/stm32f4xx_hal_tim_ex.o
 .ARM.attributes
                0x00000487       0x34 ./Drivers/STM32F4xx_HAL_Driver/Src/stm32f4xx_hal_uart.o
 .ARM.attributes
                0x000004bb       0x34 C:/ST/STM32CubeIDE_1.16.0/STM32CubeIDE/plugins/com.st.stm32cube.ide.mcu.externaltools.gnu-tools-for-stm32.12.3.rel1.win32_1.0.200.202406191623/tools/bin/../lib/gcc/arm-none-eabi/12.3.1/../../../../arm-none-eabi/lib/thumb/v7e-m+fp/hard\libc_nano.a(libc_a-memset.o)
 .ARM.attributes
                0x000004ef       0x34 C:/ST/STM32CubeIDE_1.16.0/STM32CubeIDE/plugins/com.st.stm32cube.ide.mcu.externaltools.gnu-tools-for-stm32.12.3.rel1.win32_1.0.200.202406191623/tools/bin/../lib/gcc/arm-none-eabi/12.3.1/../../../../arm-none-eabi/lib/thumb/v7e-m+fp/hard\libc_nano.a(libc_a-init.o)
 .ARM.attributes
                0x00000523       0x17 C:/ST/STM32CubeIDE_1.16.0/STM32CubeIDE/plugins/com.st.stm32cube.ide.mcu.externaltools.gnu-tools-for-stm32.12.3.rel1.win32_1.0.200.202406191623/tools/bin/../lib/gcc/arm-none-eabi/12.3.1/../../../../arm-none-eabi/lib/thumb/v7e-m+fp/hard\libc_nano.a(libc_a-strlen.o)
 .ARM.attributes
                0x0000053a       0x22 C:/ST/STM32CubeIDE_1.16.0/STM32CubeIDE/plugins/com.st.stm32cube.ide.mcu.externaltools.gnu-tools-for-stm32.12.3.rel1.win32_1.0.200.202406191623/tools/bin/../lib/gcc/arm-none-eabi/12.3.1/thumb/v7e-m+fp/hard\libgcc.a(_aeabi_uldivmod.o)
 .ARM.attributes
                0x0000055c       0x34 C:/ST/STM32CubeIDE_1.16.0/STM32CubeIDE/plugins/com.st.stm32cube.ide.mcu.externaltools.gnu-tools-for-stm32.12.3.rel1.win32_1.0.200.202406191623/tools/bin/../lib/gcc/arm-none-eabi/12.3.1/thumb/v7e-m+fp/hard\libgcc.a(_udivmoddi4.o)
 .ARM.attributes
                0x00000590       0x22 C:/ST/STM32CubeIDE_1.16.0/STM32CubeIDE/plugins/com.st.stm32cube.ide.mcu.externaltools.gnu-tools-for-stm32.12.3.rel1.win32_1.0.200.202406191623/tools/bin/../lib/gcc/arm-none-eabi/12.3.1/thumb/v7e-m+fp/hard\libgcc.a(_dvmd_tls.o)
 .ARM.attributes
                0x000005b2       0x22 C:/ST/STM32CubeIDE_1.16.0/STM32CubeIDE/plugins/com.st.stm32cube.ide.mcu.externaltools.gnu-tools-for-stm32.12.3.rel1.win32_1.0.200.202406191623/tools/bin/../lib/gcc/arm-none-eabi/12.3.1/thumb/v7e-m+fp/hard/crtn.o
OUTPUT(DFMM_FIRMWARE.elf elf32-littlearm)
LOAD linker stubs
LOAD C:/ST/STM32CubeIDE_1.16.0/STM32CubeIDE/plugins/com.st.stm32cube.ide.mcu.externaltools.gnu-tools-for-stm32.12.3.rel1.win32_1.0.200.202406191623/tools/bin/../lib/gcc/arm-none-eabi/12.3.1/../../../../arm-none-eabi/lib/thumb/v7e-m+fp/hard\libc.a
LOAD C:/ST/STM32CubeIDE_1.16.0/STM32CubeIDE/plugins/com.st.stm32cube.ide.mcu.externaltools.gnu-tools-for-stm32.12.3.rel1.win32_1.0.200.202406191623/tools/bin/../lib/gcc/arm-none-eabi/12.3.1/../../../../arm-none-eabi/lib/thumb/v7e-m+fp/hard\libm.a
LOAD C:/ST/STM32CubeIDE_1.16.0/STM32CubeIDE/plugins/com.st.stm32cube.ide.mcu.externaltools.gnu-tools-for-stm32.12.3.rel1.win32_1.0.200.202406191623/tools/bin/../lib/gcc/arm-none-eabi/12.3.1/thumb/v7e-m+fp/hard\libgcc.a

.debug_info     0x00000000    0x125af
 .debug_info    0x00000000      0xb98 ./Core/Src/ASSI.o
 .debug_info    0x00000b98      0xa02 ./Core/Src/adc.o
 .debug_info    0x0000159a     0x13a6 ./Core/Src/can.o
 .debug_info    0x00002940      0x4a1 ./Core/Src/dma.o
 .debug_info    0x00002de1      0x3ed ./Core/Src/gpio.o
 .debug_info    0x000031ce     0x16f3 ./Core/Src/main.o
 .debug_info    0x000048c1      0x269 ./Core/Src/stm32f4xx_hal_msp.o
 .debug_info    0x00004b2a      0x726 ./Core/Src/stm32f4xx_it.o
 .debug_info    0x00005250      0x512 ./Core/Src/system_stm32f4xx.o
 .debug_info    0x00005762      0xbcc ./Core/Src/tim.o
 .debug_info    0x0000632e      0x95a ./Core/Src/usart.o
 .debug_info    0x00006c88       0x30 ./Core/Startup/startup_stm32f415rgtx.o
 .debug_info    0x00006cb8      0x938 ./Drivers/STM32F4xx_HAL_Driver/Src/stm32f4xx_hal.o
 .debug_info    0x000075f0      0xcd4 ./Drivers/STM32F4xx_HAL_Driver/Src/stm32f4xx_hal_adc.o
 .debug_info    0x000082c4      0xf4b ./Drivers/STM32F4xx_HAL_Driver/Src/stm32f4xx_hal_can.o
 .debug_info    0x0000920f      0xd80 ./Drivers/STM32F4xx_HAL_Driver/Src/stm32f4xx_hal_cortex.o
 .debug_info    0x00009f8f      0x8e7 ./Drivers/STM32F4xx_HAL_Driver/Src/stm32f4xx_hal_dma.o
 .debug_info    0x0000a876      0x6c3 ./Drivers/STM32F4xx_HAL_Driver/Src/stm32f4xx_hal_gpio.o
 .debug_info    0x0000af39      0x8af ./Drivers/STM32F4xx_HAL_Driver/Src/stm32f4xx_hal_rcc.o
 .debug_info    0x0000b7e8     0x299d ./Drivers/STM32F4xx_HAL_Driver/Src/stm32f4xx_hal_tim.o
 .debug_info    0x0000e185     0x14db ./Drivers/STM32F4xx_HAL_Driver/Src/stm32f4xx_hal_tim_ex.o
 .debug_info    0x0000f660     0x2f4f ./Drivers/STM32F4xx_HAL_Driver/Src/stm32f4xx_hal_uart.o

.debug_abbrev   0x00000000     0x2d01
 .debug_abbrev  0x00000000      0x20f ./Core/Src/ASSI.o
 .debug_abbrev  0x0000020f      0x1f7 ./Core/Src/adc.o
 .debug_abbrev  0x00000406      0x2c6 ./Core/Src/can.o
 .debug_abbrev  0x000006cc      0x10e ./Core/Src/dma.o
 .debug_abbrev  0x000007da      0x152 ./Core/Src/gpio.o
 .debug_abbrev  0x0000092c      0x369 ./Core/Src/main.o
 .debug_abbrev  0x00000c95       0xd8 ./Core/Src/stm32f4xx_hal_msp.o
 .debug_abbrev  0x00000d6d      0x194 ./Core/Src/stm32f4xx_it.o
 .debug_abbrev  0x00000f01      0x11a ./Core/Src/system_stm32f4xx.o
 .debug_abbrev  0x0000101b      0x206 ./Core/Src/tim.o
 .debug_abbrev  0x00001221      0x20d ./Core/Src/usart.o
 .debug_abbrev  0x0000142e       0x24 ./Core/Startup/startup_stm32f415rgtx.o
 .debug_abbrev  0x00001452      0x214 ./Drivers/STM32F4xx_HAL_Driver/Src/stm32f4xx_hal.o
 .debug_abbrev  0x00001666      0x252 ./Drivers/STM32F4xx_HAL_Driver/Src/stm32f4xx_hal_adc.o
 .debug_abbrev  0x000018b8      0x234 ./Drivers/STM32F4xx_HAL_Driver/Src/stm32f4xx_hal_can.o
 .debug_abbrev  0x00001aec      0x31d ./Drivers/STM32F4xx_HAL_Driver/Src/stm32f4xx_hal_cortex.o
 .debug_abbrev  0x00001e09      0x264 ./Drivers/STM32F4xx_HAL_Driver/Src/stm32f4xx_hal_dma.o
 .debug_abbrev  0x0000206d      0x1d4 ./Drivers/STM32F4xx_HAL_Driver/Src/stm32f4xx_hal_gpio.o
 .debug_abbrev  0x00002241      0x2b7 ./Drivers/STM32F4xx_HAL_Driver/Src/stm32f4xx_hal_rcc.o
 .debug_abbrev  0x000024f8      0x278 ./Drivers/STM32F4xx_HAL_Driver/Src/stm32f4xx_hal_tim.o
 .debug_abbrev  0x00002770      0x283 ./Drivers/STM32F4xx_HAL_Driver/Src/stm32f4xx_hal_tim_ex.o
 .debug_abbrev  0x000029f3      0x30e ./Drivers/STM32F4xx_HAL_Driver/Src/stm32f4xx_hal_uart.o

.debug_aranges  0x00000000      0xff0
 .debug_aranges
                0x00000000       0x58 ./Core/Src/ASSI.o
 .debug_aranges
                0x00000058       0x38 ./Core/Src/adc.o
 .debug_aranges
                0x00000090       0x60 ./Core/Src/can.o
 .debug_aranges
                0x000000f0       0x20 ./Core/Src/dma.o
 .debug_aranges
                0x00000110       0x20 ./Core/Src/gpio.o
 .debug_aranges
                0x00000130       0x80 ./Core/Src/main.o
 .debug_aranges
                0x000001b0       0x20 ./Core/Src/stm32f4xx_hal_msp.o
 .debug_aranges
                0x000001d0       0x78 ./Core/Src/stm32f4xx_it.o
 .debug_aranges
                0x00000248       0x28 ./Core/Src/system_stm32f4xx.o
 .debug_aranges
                0x00000270       0x38 ./Core/Src/tim.o
 .debug_aranges
                0x000002a8       0x30 ./Core/Src/usart.o
 .debug_aranges
                0x000002d8       0x28 ./Core/Startup/startup_stm32f415rgtx.o
 .debug_aranges
                0x00000300       0xf0 ./Drivers/STM32F4xx_HAL_Driver/Src/stm32f4xx_hal.o
 .debug_aranges
                0x000003f0       0xe8 ./Drivers/STM32F4xx_HAL_Driver/Src/stm32f4xx_hal_adc.o
 .debug_aranges
                0x000004d8      0x138 ./Drivers/STM32F4xx_HAL_Driver/Src/stm32f4xx_hal_can.o
 .debug_aranges
                0x00000610      0x130 ./Drivers/STM32F4xx_HAL_Driver/Src/stm32f4xx_hal_cortex.o
 .debug_aranges
                0x00000740       0x90 ./Drivers/STM32F4xx_HAL_Driver/Src/stm32f4xx_hal_dma.o
 .debug_aranges
                0x000007d0       0x58 ./Drivers/STM32F4xx_HAL_Driver/Src/stm32f4xx_hal_gpio.o
 .debug_aranges
                0x00000828       0x88 ./Drivers/STM32F4xx_HAL_Driver/Src/stm32f4xx_hal_rcc.o
 .debug_aranges
                0x000008b0      0x3d0 ./Drivers/STM32F4xx_HAL_Driver/Src/stm32f4xx_hal_tim.o
 .debug_aranges
                0x00000c80      0x168 ./Drivers/STM32F4xx_HAL_Driver/Src/stm32f4xx_hal_tim_ex.o
 .debug_aranges
                0x00000de8      0x208 ./Drivers/STM32F4xx_HAL_Driver/Src/stm32f4xx_hal_uart.o

.debug_rnglists
                0x00000000      0xc58
 .debug_rnglists
                0x00000000       0x40 ./Core/Src/ASSI.o
 .debug_rnglists
                0x00000040       0x28 ./Core/Src/adc.o
 .debug_rnglists
                0x00000068       0x46 ./Core/Src/can.o
 .debug_rnglists
                0x000000ae       0x13 ./Core/Src/dma.o
 .debug_rnglists
                0x000000c1       0x14 ./Core/Src/gpio.o
 .debug_rnglists
                0x000000d5       0x60 ./Core/Src/main.o
 .debug_rnglists
                0x00000135       0x13 ./Core/Src/stm32f4xx_hal_msp.o
 .debug_rnglists
                0x00000148       0x55 ./Core/Src/stm32f4xx_it.o
 .debug_rnglists
                0x0000019d       0x1a ./Core/Src/system_stm32f4xx.o
 .debug_rnglists
                0x000001b7       0x26 ./Core/Src/tim.o
 .debug_rnglists
                0x000001dd       0x20 ./Core/Src/usart.o
 .debug_rnglists
                0x000001fd       0x19 ./Core/Startup/startup_stm32f415rgtx.o
 .debug_rnglists
                0x00000216       0xaf ./Drivers/STM32F4xx_HAL_Driver/Src/stm32f4xx_hal.o
 .debug_rnglists
                0x000002c5       0xb5 ./Drivers/STM32F4xx_HAL_Driver/Src/stm32f4xx_hal_adc.o
 .debug_rnglists
                0x0000037a       0xee ./Drivers/STM32F4xx_HAL_Driver/Src/stm32f4xx_hal_can.o
 .debug_rnglists
                0x00000468       0xe0 ./Drivers/STM32F4xx_HAL_Driver/Src/stm32f4xx_hal_cortex.o
 .debug_rnglists
                0x00000548       0x70 ./Drivers/STM32F4xx_HAL_Driver/Src/stm32f4xx_hal_dma.o
 .debug_rnglists
                0x000005b8       0x3f ./Drivers/STM32F4xx_HAL_Driver/Src/stm32f4xx_hal_gpio.o
 .debug_rnglists
                0x000005f7       0x66 ./Drivers/STM32F4xx_HAL_Driver/Src/stm32f4xx_hal_rcc.o
 .debug_rnglists
                0x0000065d      0x31a ./Drivers/STM32F4xx_HAL_Driver/Src/stm32f4xx_hal_tim.o
 .debug_rnglists
                0x00000977      0x125 ./Drivers/STM32F4xx_HAL_Driver/Src/stm32f4xx_hal_tim_ex.o
 .debug_rnglists
                0x00000a9c      0x1bc ./Drivers/STM32F4xx_HAL_Driver/Src/stm32f4xx_hal_uart.o

.debug_macro    0x00000000    0x225cd
 .debug_macro   0x00000000      0x240 ./Core/Src/ASSI.o
 .debug_macro   0x00000240      0xab4 ./Core/Src/ASSI.o
 .debug_macro   0x00000cf4      0x2a7 ./Core/Src/ASSI.o
 .debug_macro   0x00000f9b       0x2e ./Core/Src/ASSI.o
 .debug_macro   0x00000fc9       0x28 ./Core/Src/ASSI.o
 .debug_macro   0x00000ff1       0x22 ./Core/Src/ASSI.o
 .debug_macro   0x00001013       0x8e ./Core/Src/ASSI.o
 .debug_macro   0x000010a1       0x51 ./Core/Src/ASSI.o
 .debug_macro   0x000010f2      0x103 ./Core/Src/ASSI.o
 .debug_macro   0x000011f5       0x6a ./Core/Src/ASSI.o
 .debug_macro   0x0000125f      0x1df ./Core/Src/ASSI.o
 .debug_macro   0x0000143e       0x1c ./Core/Src/ASSI.o
 .debug_macro   0x0000145a       0x22 ./Core/Src/ASSI.o
 .debug_macro   0x0000147c       0xfb ./Core/Src/ASSI.o
 .debug_macro   0x00001577     0x1011 ./Core/Src/ASSI.o
 .debug_macro   0x00002588      0x11f ./Core/Src/ASSI.o
 .debug_macro   0x000026a7    0x1477c ./Core/Src/ASSI.o
 .debug_macro   0x00016e23       0x6d ./Core/Src/ASSI.o
 .debug_macro   0x00016e90     0x369a ./Core/Src/ASSI.o
 .debug_macro   0x0001a52a      0x189 ./Core/Src/ASSI.o
 .debug_macro   0x0001a6b3       0x5c ./Core/Src/ASSI.o
 .debug_macro   0x0001a70f      0x92c ./Core/Src/ASSI.o
 .debug_macro   0x0001b03b      0x9e9 ./Core/Src/ASSI.o
 .debug_macro   0x0001ba24      0x115 ./Core/Src/ASSI.o
 .debug_macro   0x0001bb39      0x130 ./Core/Src/ASSI.o
 .debug_macro   0x0001bc69       0xa5 ./Core/Src/ASSI.o
 .debug_macro   0x0001bd0e      0x174 ./Core/Src/ASSI.o
 .debug_macro   0x0001be82      0x287 ./Core/Src/ASSI.o
 .debug_macro   0x0001c109       0x5f ./Core/Src/ASSI.o
 .debug_macro   0x0001c168      0x236 ./Core/Src/ASSI.o
 .debug_macro   0x0001c39e      0xb5b ./Core/Src/ASSI.o
 .debug_macro   0x0001cef9      0x38b ./Core/Src/ASSI.o
 .debug_macro   0x0001d284      0x176 ./Core/Src/ASSI.o
 .debug_macro   0x0001d3fa       0xf9 ./Core/Src/ASSI.o
 .debug_macro   0x0001d4f3      0x40f ./Core/Src/ASSI.o
 .debug_macro   0x0001d902      0x12c ./Core/Src/ASSI.o
 .debug_macro   0x0001da2e      0x21e ./Core/Src/ASSI.o
 .debug_macro   0x0001dc4c       0x2e ./Core/Src/ASSI.o
 .debug_macro   0x0001dc7a      0x127 ./Core/Src/ASSI.o
 .debug_macro   0x0001dda1       0x7e ./Core/Src/ASSI.o
 .debug_macro   0x0001de1f       0x89 ./Core/Src/ASSI.o
 .debug_macro   0x0001dea8      0x8ed ./Core/Src/ASSI.o
 .debug_macro   0x0001e795       0x4d ./Core/Src/ASSI.o
 .debug_macro   0x0001e7e2      0x2aa ./Core/Src/ASSI.o
 .debug_macro   0x0001ea8c      0x12d ./Core/Src/ASSI.o
 .debug_macro   0x0001ebb9      0x12a ./Core/Src/ASSI.o
 .debug_macro   0x0001ece3      0x1ad ./Core/Src/ASSI.o
 .debug_macro   0x0001ee90      0x219 ./Core/Src/adc.o
 .debug_macro   0x0001f0a9      0x31f ./Core/Src/can.o
 .debug_macro   0x0001f3c8       0x5b ./Core/Src/can.o
 .debug_macro   0x0001f423       0x2a ./Core/Src/can.o
 .debug_macro   0x0001f44d       0x94 ./Core/Src/can.o
 .debug_macro   0x0001f4e1       0x43 ./Core/Src/can.o
 .debug_macro   0x0001f524       0x34 ./Core/Src/can.o
 .debug_macro   0x0001f558       0x16 ./Core/Src/can.o
 .debug_macro   0x0001f56e       0x43 ./Core/Src/can.o
 .debug_macro   0x0001f5b1       0x57 ./Core/Src/can.o
 .debug_macro   0x0001f608       0x34 ./Core/Src/can.o
 .debug_macro   0x0001f63c       0x10 ./Core/Src/can.o
 .debug_macro   0x0001f64c       0x58 ./Core/Src/can.o
 .debug_macro   0x0001f6a4       0x8e ./Core/Src/can.o
 .debug_macro   0x0001f732       0x1c ./Core/Src/can.o
 .debug_macro   0x0001f74e      0x177 ./Core/Src/can.o
 .debug_macro   0x0001f8c5      0x369 ./Core/Src/can.o
 .debug_macro   0x0001fc2e       0x10 ./Core/Src/can.o
 .debug_macro   0x0001fc3e       0x35 ./Core/Src/can.o
 .debug_macro   0x0001fc73       0x20 ./Core/Src/can.o
 .debug_macro   0x0001fc93       0x56 ./Core/Src/can.o
 .debug_macro   0x0001fce9       0x1c ./Core/Src/can.o
 .debug_macro   0x0001fd05       0x10 ./Core/Src/can.o
 .debug_macro   0x0001fd15       0x1c ./Core/Src/can.o
 .debug_macro   0x0001fd31       0x16 ./Core/Src/can.o
 .debug_macro   0x0001fd47      0x146 ./Core/Src/can.o
 .debug_macro   0x0001fe8d      0x219 ./Core/Src/dma.o
 .debug_macro   0x000200a6      0x219 ./Core/Src/gpio.o
 .debug_macro   0x000202bf      0x36f ./Core/Src/main.o
 .debug_macro   0x0002062e       0x61 ./Core/Src/main.o
 .debug_macro   0x0002068f       0x16 ./Core/Src/main.o
 .debug_macro   0x000206a5       0x16 ./Core/Src/main.o
 .debug_macro   0x000206bb       0x16 ./Core/Src/main.o
 .debug_macro   0x000206d1      0x20f ./Core/Src/stm32f4xx_hal_msp.o
 .debug_macro   0x000208e0      0x219 ./Core/Src/stm32f4xx_it.o
 .debug_macro   0x00020af9      0x200 ./Core/Src/system_stm32f4xx.o
 .debug_macro   0x00020cf9      0x219 ./Core/Src/tim.o
 .debug_macro   0x00020f12      0x219 ./Core/Src/usart.o
 .debug_macro   0x0002112b      0x260 ./Drivers/STM32F4xx_HAL_Driver/Src/stm32f4xx_hal.o
 .debug_macro   0x0002138b      0x201 ./Drivers/STM32F4xx_HAL_Driver/Src/stm32f4xx_hal_adc.o
 .debug_macro   0x0002158c      0x20f ./Drivers/STM32F4xx_HAL_Driver/Src/stm32f4xx_hal_can.o
 .debug_macro   0x0002179b      0x200 ./Drivers/STM32F4xx_HAL_Driver/Src/stm32f4xx_hal_cortex.o
 .debug_macro   0x0002199b      0x206 ./Drivers/STM32F4xx_HAL_Driver/Src/stm32f4xx_hal_dma.o
 .debug_macro   0x00021ba1      0x206 ./Drivers/STM32F4xx_HAL_Driver/Src/stm32f4xx_hal_gpio.o
 .debug_macro   0x00021da7      0x224 ./Drivers/STM32F4xx_HAL_Driver/Src/stm32f4xx_hal_rcc.o
 .debug_macro   0x00021fcb      0x201 ./Drivers/STM32F4xx_HAL_Driver/Src/stm32f4xx_hal_tim.o
 .debug_macro   0x000221cc      0x200 ./Drivers/STM32F4xx_HAL_Driver/Src/stm32f4xx_hal_tim_ex.o
 .debug_macro   0x000223cc      0x201 ./Drivers/STM32F4xx_HAL_Driver/Src/stm32f4xx_hal_uart.o

.debug_line     0x00000000    0x14a3b
 .debug_line    0x00000000      0xa63 ./Core/Src/ASSI.o
 .debug_line    0x00000a63      0x8af ./Core/Src/adc.o
 .debug_line    0x00001312      0xcdc ./Core/Src/can.o
 .debug_line    0x00001fee      0x7a8 ./Core/Src/dma.o
 .debug_line    0x00002796      0x80f ./Core/Src/gpio.o
 .debug_line    0x00002fa5      0xcb9 ./Core/Src/main.o
 .debug_line    0x00003c5e      0x7ad ./Core/Src/stm32f4xx_hal_msp.o
 .debug_line    0x0000440b      0x8b7 ./Core/Src/stm32f4xx_it.o
 .debug_line    0x00004cc2      0x831 ./Core/Src/system_stm32f4xx.o
 .debug_line    0x000054f3      0x86a ./Core/Src/tim.o
 .debug_line    0x00005d5d      0x846 ./Core/Src/usart.o
 .debug_line    0x000065a3       0x7a ./Core/Startup/startup_stm32f415rgtx.o
 .debug_line    0x0000661d      0xa9a ./Drivers/STM32F4xx_HAL_Driver/Src/stm32f4xx_hal.o
 .debug_line    0x000070b7     0x1322 ./Drivers/STM32F4xx_HAL_Driver/Src/stm32f4xx_hal_adc.o
 .debug_line    0x000083d9     0x1249 ./Drivers/STM32F4xx_HAL_Driver/Src/stm32f4xx_hal_can.o
 .debug_line    0x00009622      0xd8c ./Drivers/STM32F4xx_HAL_Driver/Src/stm32f4xx_hal_cortex.o
 .debug_line    0x0000a3ae     0x100a ./Drivers/STM32F4xx_HAL_Driver/Src/stm32f4xx_hal_dma.o
 .debug_line    0x0000b3b8      0xc26 ./Drivers/STM32F4xx_HAL_Driver/Src/stm32f4xx_hal_gpio.o
 .debug_line    0x0000bfde      0xe23 ./Drivers/STM32F4xx_HAL_Driver/Src/stm32f4xx_hal_rcc.o
 .debug_line    0x0000ce01     0x383e ./Drivers/STM32F4xx_HAL_Driver/Src/stm32f4xx_hal_tim.o
 .debug_line    0x0001063f     0x1a90 ./Drivers/STM32F4xx_HAL_Driver/Src/stm32f4xx_hal_tim_ex.o
 .debug_line    0x000120cf     0x296c ./Drivers/STM32F4xx_HAL_Driver/Src/stm32f4xx_hal_uart.o

.debug_str      0x00000000    0xd2d22
 .debug_str     0x00000000    0xcb037 ./Core/Src/ASSI.o
                              0xcb37c (size before relaxing)
 .debug_str     0x000cb037      0x3a4 ./Core/Src/adc.o
                              0xca383 (size before relaxing)
 .debug_str     0x000cb3db     0x3d17 ./Core/Src/can.o
                              0xce193 (size before relaxing)
 .debug_str     0x000cf0f2      0x523 ./Core/Src/dma.o
                              0xca33e (size before relaxing)
 .debug_str     0x000cf615       0x68 ./Core/Src/gpio.o
                              0xc9efe (size before relaxing)
 .debug_str     0x000cf67d      0x411 ./Core/Src/main.o
                              0xce8a8 (size before relaxing)
 .debug_str     0x000cfa8e       0x2c ./Core/Src/stm32f4xx_hal_msp.o
                              0xc9e33 (size before relaxing)
 .debug_str     0x000cfaba      0x13a ./Core/Src/stm32f4xx_it.o
                              0xca36b (size before relaxing)
 .debug_str     0x000cfbf4       0xdb ./Core/Src/system_stm32f4xx.o
                              0xc9aea (size before relaxing)
 .debug_str     0x000cfccf       0xcf ./Core/Src/tim.o
                              0xca990 (size before relaxing)
 .debug_str     0x000cfd9e       0x6d ./Core/Src/usart.o
                              0xca3e6 (size before relaxing)
 .debug_str     0x000cfe0b       0x44 ./Core/Startup/startup_stm32f415rgtx.o
                                 0x79 (size before relaxing)
 .debug_str     0x000cfe4f      0x60d ./Drivers/STM32F4xx_HAL_Driver/Src/stm32f4xx_hal.o
                              0xca65c (size before relaxing)
 .debug_str     0x000d045c      0x2c6 ./Drivers/STM32F4xx_HAL_Driver/Src/stm32f4xx_hal_adc.o
                              0xca0d7 (size before relaxing)
 .debug_str     0x000d0722      0x40e ./Drivers/STM32F4xx_HAL_Driver/Src/stm32f4xx_hal_can.o
                              0xca1e4 (size before relaxing)
 .debug_str     0x000d0b30      0x36b ./Drivers/STM32F4xx_HAL_Driver/Src/stm32f4xx_hal_cortex.o
                              0xca3d8 (size before relaxing)
 .debug_str     0x000d0e9b      0x2cf ./Drivers/STM32F4xx_HAL_Driver/Src/stm32f4xx_hal_dma.o
                              0xc9f04 (size before relaxing)
 .debug_str     0x000d116a       0xfd ./Drivers/STM32F4xx_HAL_Driver/Src/stm32f4xx_hal_gpio.o
                              0xc9c65 (size before relaxing)
 .debug_str     0x000d1267      0x233 ./Drivers/STM32F4xx_HAL_Driver/Src/stm32f4xx_hal_rcc.o
                              0xc9f1e (size before relaxing)
 .debug_str     0x000d149a      0xe03 ./Drivers/STM32F4xx_HAL_Driver/Src/stm32f4xx_hal_tim.o
                              0xcae74 (size before relaxing)
 .debug_str     0x000d229d      0x493 ./Drivers/STM32F4xx_HAL_Driver/Src/stm32f4xx_hal_tim_ex.o
                              0xca680 (size before relaxing)
 .debug_str     0x000d2730      0x5f2 ./Drivers/STM32F4xx_HAL_Driver/Src/stm32f4xx_hal_uart.o
                              0xca4ff (size before relaxing)

.comment        0x00000000       0x43
 .comment       0x00000000       0x43 ./Core/Src/ASSI.o
                                 0x44 (size before relaxing)
 .comment       0x00000043       0x44 ./Core/Src/adc.o
 .comment       0x00000043       0x44 ./Core/Src/can.o
 .comment       0x00000043       0x44 ./Core/Src/dma.o
 .comment       0x00000043       0x44 ./Core/Src/gpio.o
 .comment       0x00000043       0x44 ./Core/Src/main.o
 .comment       0x00000043       0x44 ./Core/Src/stm32f4xx_hal_msp.o
 .comment       0x00000043       0x44 ./Core/Src/stm32f4xx_it.o
 .comment       0x00000043       0x44 ./Core/Src/system_stm32f4xx.o
 .comment       0x00000043       0x44 ./Core/Src/tim.o
 .comment       0x00000043       0x44 ./Core/Src/usart.o
 .comment       0x00000043       0x44 ./Drivers/STM32F4xx_HAL_Driver/Src/stm32f4xx_hal.o
 .comment       0x00000043       0x44 ./Drivers/STM32F4xx_HAL_Driver/Src/stm32f4xx_hal_adc.o
 .comment       0x00000043       0x44 ./Drivers/STM32F4xx_HAL_Driver/Src/stm32f4xx_hal_can.o
 .comment       0x00000043       0x44 ./Drivers/STM32F4xx_HAL_Driver/Src/stm32f4xx_hal_cortex.o
 .comment       0x00000043       0x44 ./Drivers/STM32F4xx_HAL_Driver/Src/stm32f4xx_hal_dma.o
 .comment       0x00000043       0x44 ./Drivers/STM32F4xx_HAL_Driver/Src/stm32f4xx_hal_gpio.o
 .comment       0x00000043       0x44 ./Drivers/STM32F4xx_HAL_Driver/Src/stm32f4xx_hal_rcc.o
 .comment       0x00000043       0x44 ./Drivers/STM32F4xx_HAL_Driver/Src/stm32f4xx_hal_tim.o
 .comment       0x00000043       0x44 ./Drivers/STM32F4xx_HAL_Driver/Src/stm32f4xx_hal_tim_ex.o
 .comment       0x00000043       0x44 ./Drivers/STM32F4xx_HAL_Driver/Src/stm32f4xx_hal_uart.o

.debug_frame    0x00000000     0x41f0
 .debug_frame   0x00000000      0x134 ./Core/Src/ASSI.o
 .debug_frame   0x00000134       0xa0 ./Core/Src/adc.o
 .debug_frame   0x000001d4      0x148 ./Core/Src/can.o
 .debug_frame   0x0000031c       0x34 ./Core/Src/dma.o
 .debug_frame   0x00000350       0x34 ./Core/Src/gpio.o
 .debug_frame   0x00000384      0x1d0 ./Core/Src/main.o
 .debug_frame   0x00000554       0x38 ./Core/Src/stm32f4xx_hal_msp.o
 .debug_frame   0x0000058c      0x158 ./Core/Src/stm32f4xx_it.o
 .debug_frame   0x000006e4       0x58 ./Core/Src/system_stm32f4xx.o
 .debug_frame   0x0000073c       0xa0 ./Core/Src/tim.o
 .debug_frame   0x000007dc       0x74 ./Core/Src/usart.o
 .debug_frame   0x00000850      0x374 ./Drivers/STM32F4xx_HAL_Driver/Src/stm32f4xx_hal.o
 .debug_frame   0x00000bc4      0x3fc ./Drivers/STM32F4xx_HAL_Driver/Src/stm32f4xx_hal_adc.o
 .debug_frame   0x00000fc0      0x5a0 ./Drivers/STM32F4xx_HAL_Driver/Src/stm32f4xx_hal_can.o
 .debug_frame   0x00001560      0x508 ./Drivers/STM32F4xx_HAL_Driver/Src/stm32f4xx_hal_cortex.o
 .debug_frame   0x00001a68      0x250 ./Drivers/STM32F4xx_HAL_Driver/Src/stm32f4xx_hal_dma.o
 .debug_frame   0x00001cb8      0x14c ./Drivers/STM32F4xx_HAL_Driver/Src/stm32f4xx_hal_gpio.o
 .debug_frame   0x00001e04      0x1f4 ./Drivers/STM32F4xx_HAL_Driver/Src/stm32f4xx_hal_rcc.o
 .debug_frame   0x00001ff8     0x11c0 ./Drivers/STM32F4xx_HAL_Driver/Src/stm32f4xx_hal_tim.o
 .debug_frame   0x000031b8      0x638 ./Drivers/STM32F4xx_HAL_Driver/Src/stm32f4xx_hal_tim_ex.o
 .debug_frame   0x000037f0      0x954 ./Drivers/STM32F4xx_HAL_Driver/Src/stm32f4xx_hal_uart.o
 .debug_frame   0x00004144       0x20 C:/ST/STM32CubeIDE_1.16.0/STM32CubeIDE/plugins/com.st.stm32cube.ide.mcu.externaltools.gnu-tools-for-stm32.12.3.rel1.win32_1.0.200.202406191623/tools/bin/../lib/gcc/arm-none-eabi/12.3.1/../../../../arm-none-eabi/lib/thumb/v7e-m+fp/hard\libc_nano.a(libc_a-memset.o)
 .debug_frame   0x00004164       0x2c C:/ST/STM32CubeIDE_1.16.0/STM32CubeIDE/plugins/com.st.stm32cube.ide.mcu.externaltools.gnu-tools-for-stm32.12.3.rel1.win32_1.0.200.202406191623/tools/bin/../lib/gcc/arm-none-eabi/12.3.1/../../../../arm-none-eabi/lib/thumb/v7e-m+fp/hard\libc_nano.a(libc_a-init.o)
 .debug_frame   0x00004190       0x2c C:/ST/STM32CubeIDE_1.16.0/STM32CubeIDE/plugins/com.st.stm32cube.ide.mcu.externaltools.gnu-tools-for-stm32.12.3.rel1.win32_1.0.200.202406191623/tools/bin/../lib/gcc/arm-none-eabi/12.3.1/thumb/v7e-m+fp/hard\libgcc.a(_aeabi_uldivmod.o)
 .debug_frame   0x000041bc       0x34 C:/ST/STM32CubeIDE_1.16.0/STM32CubeIDE/plugins/com.st.stm32cube.ide.mcu.externaltools.gnu-tools-for-stm32.12.3.rel1.win32_1.0.200.202406191623/tools/bin/../lib/gcc/arm-none-eabi/12.3.1/thumb/v7e-m+fp/hard\libgcc.a(_udivmoddi4.o)

.debug_line_str
                0x00000000       0x5d
 .debug_line_str
                0x00000000       0x5d ./Core/Startup/startup_stm32f415rgtx.o
