../Core/Src/can.c:65:6:MX_CAN1_Init	8	static
../Core/Src/can.c:103:6:MX_CAN2_Init	8	static
../Core/Src/can.c:145:6:HAL_CAN_MspInit	56	static
../Core/Src/can.c:212:6:HAL_CAN_MspDeInit	16	static
../Core/Src/can.c:271:6:CAN_Send_Message	24	static
../Core/Src/can.c:292:6:CAN_Send_Message_String	24	static
../Core/Src/can.c:314:6:CAN_Send_Message_SpecificID	24	static
../Core/Src/can.c:335:6:CAN_Send_Message_String_SpecificID	24	static
../Core/Src/can.c:355:6:CAN_Send_Datalogger	16	static
../Core/Src/can.c:373:6:CAN_Set_Filter	16	static
../Core/Src/can.c:387:6:ReceiveMessage	16	static
../Core/Src/can.c:473:6:HAL_CAN_RxFifo0MsgPendingCallback	16	static
