../Core/Src/main.c:104:5:main	8	static
../Core/Src/main.c:263:6:SystemClock_Config	88	static
../Core/Src/main.c:306:6:HAL_TIM_PeriodElapsedCallback	24	static
../Core/Src/main.c:330:6:ReadInputs	16	static
../Core/Src/main.c:345:6:SystemFailureHandler	16	static
../Core/Src/main.c:386:6:AV_State_Outputs	16	static
../Core/Src/main.c:421:6:Read_Rotary	16	static
../Core/Src/main.c:443:6:ReadForFaults	16	static
../Core/Src/main.c:469:6:EBSActivate	16	static
../Core/Src/main.c:485:6:EBSReset	16	static
../Core/Src/main.c:497:6:EBSCheck	16	static
../Core/Src/main.c:511:6:Initial_Checkup	8	static
../Core/Src/main.c:555:6:Error_Handler	8	static,ignoring_inline_asm
